// Jest Snapshot v1, https://goo.gl/fbAQLP

exports[`MovieBadgesRow Tests should render and match snapshot 1`] = `
<RNCSafeAreaProvider
  onInsetsChange={[Function]}
  style={
    Array [
      Object {
        "flex": 1,
      },
      undefined,
    ]
  }
>
  <View
    dataSet={Object {}}
    style={
      Object {
        "flex": 1,
        "height": 90,
        "marginBottom": 6,
        "marginLeft": 6,
        "marginRight": 6,
        "marginTop": 6,
      }
    }
  >
    <View
      dataSet={Object {}}
      style={
        Object {
          "display": "flex",
          "flex": 1,
          "flexDirection": "row",
        }
      }
    >
      <View
        dataSet={Object {}}
        style={
          Object {
            "alignItems": "center",
            "display": "flex",
            "flex": 1,
            "justifyContent": "center",
          }
        }
      >
        <View
          dataSet={Object {}}
          style={
            Object {
              "alignItems": "center",
              "flex": 1,
              "flexDirection": "row",
            }
          }
        >
          <Text
            dataSet={Object {}}
            style={
              Object {
                "backgroundColor": undefined,
                "color": "#fafafa",
                "fontFamily": undefined,
                "fontSize": 14,
                "fontStyle": "normal",
                "fontWeight": "400",
                "letterSpacing": 0,
                "lineHeight": 21,
                "marginBottom": 4,
                "marginLeft": 4,
                "marginRight": 4,
                "marginTop": 4,
                "textDecorationLine": undefined,
              }
            }
          >
            8
          </Text>
          <Text
            allowFontScaling={false}
            selectable={false}
            style={
              Array [
                Object {
                  "color": "#d97706",
                  "fontSize": 12,
                },
                undefined,
                Object {
                  "fontFamily": "FontAwesome",
                  "fontStyle": "normal",
                  "fontWeight": "normal",
                },
                Object {},
              ]
            }
          >
            
          </Text>
        </View>
        <Text
          dataSet={Object {}}
          style={
            Object {
              "backgroundColor": undefined,
              "color": "#fafafa",
              "fontFamily": undefined,
              "fontSize": 14,
              "fontStyle": "normal",
              "fontWeight": "400",
              "letterSpacing": 0,
              "lineHeight": 21,
              "textDecorationLine": undefined,
            }
          }
        >
          TotalVotes
        </Text>
      </View>
      <View
        dataSet={Object {}}
        style={
          Object {
            "alignItems": "center",
            "display": "flex",
            "flex": 1,
            "justifyContent": "center",
          }
        }
      >
        <View
          dataSet={Object {}}
          style={
            Object {
              "alignItems": "center",
              "flex": 1,
              "flexDirection": "row",
            }
          }
        >
          <Text
            dataSet={Object {}}
            style={
              Object {
                "backgroundColor": undefined,
                "color": "#fafafa",
                "fontFamily": undefined,
                "fontSize": 14,
                "fontStyle": "normal",
                "fontWeight": "400",
                "letterSpacing": 0,
                "lineHeight": 21,
                "marginBottom": 4,
                "marginLeft": 4,
                "marginRight": 4,
                "marginTop": 4,
                "textDecorationLine": undefined,
              }
            }
          >
            RuntimeMin
          </Text>
          <Text
            allowFontScaling={false}
            selectable={false}
            style={
              Array [
                Object {
                  "color": "#d97706",
                  "fontSize": 12,
                },
                undefined,
                Object {
                  "fontFamily": "FontAwesome",
                  "fontStyle": "normal",
                  "fontWeight": "normal",
                },
                Object {},
              ]
            }
          >
            
          </Text>
        </View>
        <Text
          dataSet={Object {}}
          style={
            Object {
              "backgroundColor": undefined,
              "color": "#fafafa",
              "fontFamily": undefined,
              "fontSize": 14,
              "fontStyle": "normal",
              "fontWeight": "400",
              "letterSpacing": 0,
              "lineHeight": 21,
              "textDecorationLine": undefined,
            }
          }
        >
          Runtime
        </Text>
      </View>
      <View
        dataSet={Object {}}
        style={
          Object {
            "alignItems": "center",
            "display": "flex",
            "flex": 1,
            "justifyContent": "center",
          }
        }
      >
        <View
          dataSet={Object {}}
          style={
            Object {
              "alignItems": "center",
              "flex": 1,
              "flexDirection": "row",
            }
          }
        >
          <Text
            dataSet={Object {}}
            style={
              Object {
                "backgroundColor": undefined,
                "color": "#fafafa",
                "fontFamily": undefined,
                "fontSize": 14,
                "fontStyle": "normal",
                "fontWeight": "400",
                "letterSpacing": 0,
                "lineHeight": 21,
                "marginBottom": 4,
                "marginLeft": 4,
                "marginRight": 4,
                "marginTop": 4,
                "textDecorationLine": undefined,
              }
            }
          >
            Apr, 24 2022
          </Text>
          <Text
            allowFontScaling={false}
            selectable={false}
            style={
              Array [
                Object {
                  "color": "#d97706",
                  "fontSize": 12,
                },
                undefined,
                Object {
                  "fontFamily": "FontAwesome",
                  "fontStyle": "normal",
                  "fontWeight": "normal",
                },
                Object {},
              ]
            }
          >
            
          </Text>
        </View>
        <Text
          dataSet={Object {}}
          style={
            Object {
              "backgroundColor": undefined,
              "color": "#fafafa",
              "fontFamily": undefined,
              "fontSize": 14,
              "fontStyle": "normal",
              "fontWeight": "400",
              "letterSpacing": 0,
              "lineHeight": 21,
              "textDecorationLine": undefined,
            }
          }
        >
          ReleaseDate
        </Text>
      </View>
    </View>
  </View>
</RNCSafeAreaProvider>
`;
